07:21:02 Looking for C:\OpenEdge\BarsetProxy\Prosedurler\UretimMalzemeleri.p
Compiling C:\OpenEdge\BarsetProxy\Prosedurler\UretimMalzemeleri.p
